[www.mirrows.co/home/index.html]
[backblue.gif]
[fade.gif]
[index.html]
[cdn.vev.design/cdn-cgi/image/f=auto,q=82/private/9doBNMPNWJZROq3K1Q1MSWdhRez1/image/shz6y-BLgV.png]
[cdn.vev.design/cdn-cgi/image/f=auto,q=82,w=1280/private/9doBNMPNWJZROq3K1Q1MSWdhRez1/image/a7A2YzGT2Y.png]
[cdn.vev.design/cdn-cgi/image/f=auto,q=82/private/9doBNMPNWJZROq3K1Q1MSWdhRez1/image/KTKRalmdz2.png]
[cdn.vev.design/cdn-cgi/image/f=auto,q=82/private/9doBNMPNWJZROq3K1Q1MSWdhRez1/image/ZHSeZMuLx1.png]
[cdn.vev.design/cdn-cgi/image/f=auto,q=82,w=1280/private/9doBNMPNWJZROq3K1Q1MSWdhRez1/image/nv3FcGr_sl.png]
[cdn.vev.design/cdn-cgi/image/f=auto,q=82,h=1280/private/9doBNMPNWJZROq3K1Q1MSWdhRez1/image/SisdHtaZ26.png]
[cdn.vev.design/cdn-cgi/image/f=auto,q=82/private/9doBNMPNWJZROq3K1Q1MSWdhRez1/image/VmOeS9UyaM.png]
[cdn.vev.design/cdn-cgi/image/f=auto,q=82/private/9doBNMPNWJZROq3K1Q1MSWdhRez1/image/3q0s4OMxM9.png]
[cdn.vev.design/cdn-cgi/image/f=auto,q=82/private/9doBNMPNWJZROq3K1Q1MSWdhRez1/image/JSJkYOj9oH.png]
[cdn.vev.design/cdn-cgi/image/f=auto,q=82/private/9doBNMPNWJZROq3K1Q1MSWdhRez1/image/axVtS-IiOA.png]
[cdn.vev.design/cdn-cgi/image/f=auto,q=82/private/9doBNMPNWJZROq3K1Q1MSWdhRez1/image/KR5wi8WCTb.png]
[cdn.vev.design/cdn-cgi/image/f=auto,q=82/private/9doBNMPNWJZROq3K1Q1MSWdhRez1/image/62W6DLtDX2.png]
[cdn.vev.design/cdn-cgi/image/f=auto,q=82/private/9doBNMPNWJZROq3K1Q1MSWdhRez1/image/VCAnczYIvv.png]
[cdn.vev.design/cdn-cgi/image/f=auto,q=82/private/9doBNMPNWJZROq3K1Q1MSWdhRez1/image/l3bByMKpbe.png]
[film.vev.design/gDvSW10Q07/TfgcnFIC5g.383gn4n5g.360.webm-00001.png]
[film.vev.design/gDvSW10Q07/s6ONYCbCj3.383glql77.360.webm-00001.png]
[film.vev.design/gDvSW10Q07/vLziExUYPQ.383gm048p.360.webm-00001.png]
[cdn.vev.design/pkg/v1/75ef89051bd57dd94ec4bd52f77428f9.js]
[js.vev.design/v/km0NJPmKi9/cc210f5/vev7243.js]
[www.mirrows.co/home/300.14.delayed]
[www.mirrows.co/home/2100.jpg]
[www.mirrows.co/home/index.html]
[www.googletagmanager.com/gtm5445.html]
[www.mirrows.co/home/300.html]
[www.mirrows.co/home/2100.html]
